// Jest Snapshot v1, https://goo.gl/fbAQLP

exports[`renders without crashing 1`] = `
<DocumentFragment>
  <div
    class="MuiPaper-root MuiPaper-elevation MuiPaper-rounded MuiPaper-elevation1 MuiCard-root css-bhp9pd-MuiPaper-root-MuiCard-root"
  >
    <div
      class="MuiCardContent-root css-46bh2p-MuiCardContent-root"
    >
      <p
        class="MuiTypography-root MuiTypography-body1 css-ahj2mt-MuiTypography-root"
      />
    </div>
    <div
      style="display: flex; flex-grow: 1; align-items: center;"
    >
      <div
        class="MuiFormControl-root css-104sb8r-MuiFormControl-root"
      >
        <input
          class="form-control"
          data-testid="new-option-desc-undefined"
          disabled=""
          id="new-option-desc-undefined"
          placeholder="Option Description"
          type="text"
          value="desc"
        />
      </div>
      <div
        class="MuiFormControl-root css-3t6boo-MuiFormControl-root"
      >
        <input
          class="form-control"
          data-testid="new-option-points-undefined"
          disabled=""
          id="new-option-points-undefined"
          placeholder="Option Points"
          type="text"
          value="0"
        />
      </div>
    </div>
  </div>
</DocumentFragment>
`;
