// Jest Snapshot v1, https://goo.gl/fbAQLP

exports[`renders without crashing 1`] = `
<DocumentFragment>
  <div>
    <button
      data-testid="set-page-index-l"
    >
      Set Page Index
    </button>
  </div>
</DocumentFragment>
`;
