// Jest Snapshot v1, https://goo.gl/fbAQLP

exports[`renders without crashing 1`] = `
<DocumentFragment>
  <div
    class="MuiContainer-root MuiContainer-maxWidthLg css-x9z34i-MuiContainer-root"
  >
    <div
      class="MuiGrid-root css-fb8ed0-MuiGrid-root"
    >
      <div
        class="recharts-responsive-container"
        style="width: 100%; height: 100%;"
      />
    </div>
  </div>
</DocumentFragment>
`;
