// Jest Snapshot v1, https://goo.gl/fbAQLP

exports[`Welcome page renders without crashing 1`] = `
<DocumentFragment>
  <div
    class="welcome"
  >
    Welcome to the App!
  </div>
</DocumentFragment>
`;
